

 <DUALSPHYSICS5> Copyright (c) 2025 by
 Dr Jose M. Dominguez Alonso, Prof. Alejandro Crespo,
 Dr Georgios Fourtakas, Prof. Benedict Rogers,
 Dr Renato Vacondio, Dr Corrado Altomare,
 Dr Angelo Tafuni, Dr Orlando Garcia Feal,
 Dr Ivan Martinez Estevez, Dr Joseph O'Connor,
 Dr Aaron English, Dr Francesco Ricci,
 Prof. Moncho Gomez Gesteira, Prof. Peter Stansby

 EPHYSLAB Environmental Physics Laboratory, Universidade de Vigo
 School of Mechanical, Aerospace and Civil Engineering, University of Manchester

 DualSPHysics is free software: you can redistribute it and/or
 modify it under the terms of the GNU Lesser General Public License
 as published by the Free Software Foundation, either version 2.1 of
 the License, or (at your option) any later version.

 DualSPHysics is distributed in the hope that it will be useful,
 but WITHOUT ANY WARRANTY; without even the implied warranty of
 MERCHANTABILITY or FITNESS FOR A PARTICULAR PURPOSE.  See the
 GNU Lesser General Public License for more details.

 You should have received a copy of the GNU Lesser General Public License
 along with DualSPHysics. If not, see <http://www.gnu.org/licenses/>.

 Free download source files and documentation from DualSPHysics website (http://dual.sphysics.org).
 Full list of developers and contributors is available at https://dual.sphysics.org/developers
 Properly cite the use of DualSPHysics (Dominguez et al., 2022) (https://dual.sphysics.org/references).


DualSPHysics5 v5.4.355 (08-04-2025)
====================================
Threads by host for parallel execution: 8
[Initialising JSphCpuSingle  22-07-2026 10:36:26]
ProgramFile=".../bin/windows/DualSPHysics5.4CPU_win64.exe"
Available features: Project Chrono coupling, MoorDynPlus coupling, Wave generation, FlexStruc, mDBC no-slip, OpenMP execution.
ExecutionDir=".../examples/main/08_WavesFlap"
XmlFile=".../08_WavesFlap/no_sand_out/no_sand.xml"
OutputDir=".../main/08_WavesFlap/no_sand_out"
OutputDataDir=".../08_WavesFlap/no_sand_out/data"
XML-App: GenCase v5.4.354.01 (07-04-2025)

*** WARNING: The XML option 'PartsOutMax' is deprecated. Use 'MinFluidStop' option.

**Basic case configuration is loaded
**Special case configuration is loaded
Loading initial state of particles...
Loaded particles: 483,416
MapRealPos(border)=(-0.00207846,-0.00207846,-0.00207846)-(5.98208,0.982078,0.982078)
MapRealPos(final)=(-0.05,-0.00207846,-0.00207846)-(5.98208,0.982078,1.08049)
**Initial state of particles is loaded
**3D-Simulation parameters:
CaseName="no_sand"
RunName="no_sand"
SavePosDouble=False
SvExtraParts=""
SaveFtAce=False
SvTimers=True
Boundary="DBC"
StepAlgorithm="Symplectic"
Kernel="Wendland"
  Wendland.awen=5816.103
  Wendland.bwenh=-1.682908e+07
Viscosity="Artificial"
  Visco=0.01
  ViscoBoundFactor=1
DensityDiffusion="Fourtakas et al 2019 (inner)"
  DensityDiffusionValue=0.1
Shifting="None"
RigidAlgorithm="None"
FloatingCount=0
CaseNp=483,416
CaseNbound=78,605
CaseNfixed=75,456
CaseNmoving=3,149
CaseNfloat=0
CaseNfluid=404,811
PeriodicActive="None"
Dp=0.02
KernelH=0.041569  (CoefficientH=1.2; H/Dp=2.07846)
KernelSize=0.08313844
CteB=325131.4
Gamma=7
RhopZero=1000
Cs0=47.70660397156771
CFLnumber=0.2
DtIni=0.0008713514394000284
DtMin=4.356757261920884e-05
DtAllParticles=False
MassFluid=0.008
MassBound=0.008
TimeMax=30
TimePart=0.05
Gravity=(0,0,-9.81)
RhopOut=True
RhopOutMin=700
RhopOutMax=1300
WrnPartsOut=True
MinFluidStop=0
NpfMinimum=0
CellMode="Full"
ScellDiv=1
MapCells=(73,12,14)  (12,264 cells)
CellDomFixed=False
DomCells=(73,12,14)  (12,264 cells)
DomCellCode="1+13_9_9"
**CellDiv: Requested cpu memory for 507,714 particles (over-allocation: 1.05X): 17.4 MiB (1 times).
**CellDiv: Requested CPU memory for 12,264 cells (over-allocation: 1.56X): 0.2 MiB (1 times).
 
RunMode="Pos-Double - OpenMP(Threads:8)"
 
Particle summary:
  Fixed....: 75,456  id:(0-75455)   MKs:1 (3)
  Moving...: 3,149  id:(75456-78604)   MKs:1 (2)
  Floating.: 0
  Fluid....: 404,811  id:(78605-483415)   MKs:1 (1)

Total particles: 483,416 (bound=78605 (fx=75456 mv=3149 ft=0) fluid=404811)
Total MK blocks: 3 (bound=2 (fx=1 mv=1 ft=0) fluid=1)
 
Wave paddles configuration:
**Saving motion paddle in no_sand_out/WavePaddle_mkb0000.csv
Paddle_0 (mkb:0)
  Type of paddle: Flap - Regular
  Rotation axis: (0.05:0:0)-(0.05:1:0) [m]
  Start time: 0 [s]  (end: 30 [s])
  Gravity: 9.81 [m/s^2]
  Depth: 0.6 [m]  (VariableDraft: 0 [m])
  InitialPhase: 0 times PI
  InitialRamp: 1 periods
  WaveOrder: 2nd
  WaveHeight: 0.15 [m]
  WavePeriod: 2 [s]
  WaveLength: 4.36198 [m]
  Relative depth (d/L): 0.137552  (Transitional water)
  GainStroke: 1
  Stroke: 0.331658
  Amplitude: 0.269651 (15.4498 [deg])
  Particles: 75456 - 78604 (3149)
 

Initial allocated memory in CPU: 42,709,848 (40.73 MiB)  (5 particle arrays)
Part_0000        483,416 (100.0%) particles successfully stored

[WARNINGS]
1. The XML option 'PartsOutMax' is deprecated. Use 'MinFluidStop' option.

[Initialising simulation (bcprzm2a)  22-07-2026 10:36:26]
PART   PartTime   TotalSteps   Steps    Particles    Cells        Time/Sec   Finish time        
=====  =========  ===========  =======  ===========  ===========  =========  ===================
**Updated allocated memory in CPU: 85,261,720 (81.31 MiB)  (12 particle arrays)
  Progress 0.01% in 30.6s. Estimated finish time: 26-07-2026 19:30:04
  Progress 0.01% in 61.8s. Estimated finish time: 27-07-2026 14:13:27
  Progress 0.06% in 302.9s. Estimated finish time: 28-07-2026 10:54:03
  Progress 0.11% in 602.2s. Estimated finish time: 28-07-2026 14:29:54
00001   0.050170          286      286      483,416        7,884   17889.01  28-07-2026 15:40:55
00002   0.100099          575      289      483,416        7,884   18334.09  28-07-2026 17:31:56
00003   0.150149          864      289      483,416        7,884   18152.03  28-07-2026 17:38:46
00004   0.200119        1,153      289      483,416        7,884   18164.27  28-07-2026 17:43:43
00005   0.250097        1,443      290      483,416        7,884   18541.66  28-07-2026 18:24:24
00006   0.300054        1,733      290      483,416        7,884   18205.15  28-07-2026 18:23:29
00007   0.350032        2,024      291      483,416        7,884   18239.92  28-07-2026 18:25:20
00008   0.400135        2,316      292      483,416        7,884   18286.96  28-07-2026 18:29:40
00009   0.450018        2,605      289      483,416        7,884   18111.00  28-07-2026 18:23:16
00010   0.500001        2,895      290      483,416        7,884   18109.75  28-07-2026 18:18:04
00011   0.550143        3,188      293      483,416        7,884   18225.68  28-07-2026 18:19:06
00012   0.600067        3,478      290      483,416        7,884   18302.27  28-07-2026 18:23:07
00013   0.650080        3,770      292      483,416        7,884   18316.46  28-07-2026 18:27:05
00014   0.700124        4,062      292      483,416        7,884   18326.91  28-07-2026 18:30:52
00015   0.750110        4,355      293      483,416        7,884   18684.93  28-07-2026 18:46:03
00016   0.800023        4,646      291      483,416        7,884   18256.31  28-07-2026 18:45:58
00017   0.850169        4,938      292      483,416        7,884   18627.06  28-07-2026 18:56:49
00018   0.900161        5,231      293      483,416        7,884   18476.00  28-07-2026 19:02:14
00019   0.950169        5,525      294      483,416        7,884   18620.61  28-07-2026 19:10:54
00020   1.000059        5,819      294      483,416        7,884   18978.59  28-07-2026 19:27:36
00021   1.050145        6,118      299      483,416        7,884   18736.94  28-07-2026 19:37:01
00022   1.100076        6,416      298      483,416        7,884   19034.46  28-07-2026 19:52:17
 
*** ERROR: Some boundary particle was excluded. ***
TimeStep: 1.112620  (Nstep: 6490)
Total boundary: 47  (fixed=0  moving=47  floating=0)
Excluded for: position=47  rho=0  velocity=0
Some boundary particle exceeded the -X limit (left limit) of the simulation domain.
 

*** Exception (JSphCpuSingle::AbortBoundOut) at DualSPHysics/source/JSph.cpp:2909
Text: Fixed, moving or floating particles were excluded. Check VTK file Error_BoundaryOut.vtk with excluded particles.


Finished execution (code=1).

