

 <GENCASE>  Copyright (c) 2025 by Dr Jose M. Dominguez
 All rights reserved.

 GenCase is a free tool for DualSPHysics simulations.
 DualSPHysics project is an international collaboration between
 University of Vigo (Spain) and University of Manchester (UK).

 Redistribution and use in binary form, without modification, are
 permitted provided that the following conditions are met:
 * Redistributions in binary form must reproduce the above copyright
   notice, this list of conditions and the following disclaimer in the
   documentation and/or other materials provided with the distribution.
 * Redistributions or modifications of source code are not permitted 
   unless expressly authorised, and must retain the above copyright 
   notice, this list of conditions and the following disclaimer.
 * Neither the name of the GenCase nor the names of its contributors
   may be used to endorse or promote products derived from this software
   without specific prior written permission.

 THIS SOFTWARE IS PROVIDED BY THE COPYRIGHT HOLDERS AND CONTRIBUTORS "AS IS"
 AND ANY EXPRESS OR IMPLIED WARRANTIES, INCLUDING, BUT NOT LIMITED TO, THE
 IMPLIED WARRANTIES OF MERCHANTABILITY AND FITNESS FOR A PARTICULAR PURPOSE
 ARE DISCLAIMED. IN NO EVENT SHALL THE COPYRIGHT OWNER BE LIABLE FOR ANY
 DIRECT, INDIRECT, INCIDENTAL, SPECIAL, EXEMPLARY, OR CONSEQUENTIAL DAMAGES
 (INCLUDING, BUT NOT LIMITED TO, PROCUREMENT OF SUBSTITUTE GOODS OR SERVICES;
 LOSS OF USE, DATA, OR PROFITS; OR BUSINESS INTERRUPTION) HOWEVER CAUSED AND
 ON ANY THEORY OF LIABILITY, WHETHER IN CONTRACT, STRICT LIABILITY, OR TORT
 (INCLUDING NEGLIGENCE OR OTHERWISE) ARISING IN ANY WAY OUT OF THE USE OF
 THIS SOFTWARE, EVEN IF ADVISED OF THE POSSIBILITY OF SUCH DAMAGE.


GenCase v5.4.354.01 (07-04-2025)
=================================
OmpThreads: 12

[LoadXMLInit]
List: MAIN

Total operations: 13
[LoadXMLInit-End  time:0.002s]

[Draw]
List of available variables: Gravity_x=[0]  Gravity_y=[0]  Gravity_z=[-9.81]  Rhop0=[1000]  VResId=[0]  Dp=[0.02]  PosMin_x=[0]  PosMin_y=[0]  PosMin_z=[0]  PosMax_x=[6]  PosMax_y=[1]  PosMax_z=[1]  CaseName=["sand1"]  Data2D=[0]  Data2DPosy=[0]  H=[0.0415692]  MassBound=[0.008]  MassFluid=[0.008]

Mk size: 1 bytes
Case limits: (0,0,0) - (6,1,1)
Distance between points (Dp): 0.02
Reference position: (0,0,0)
Case domain: (0,0,0)-(299,49,49)
Domain points: 300 x 50 x 50 = 750,000
Case parts: 1 x 50z
Memory: 0.00 GiB  0.72 MiB  (750,000)

> MAIN
FileDbgDomains> sand1_dbg-fillbox.vtk  domains:1
FileShapes> _Dp.vtk  shapes:16  points:24   (time:0.000s)
FileShapes> _Actual.vtk  shapes:16  points:24   (time:0.000s)
<MAIN (Operations= 9+4+1 = 14)

Triangles: 40 (0 ignored)
[Draw-End  time:0.085s]

[LoadsXMLConfig]
Execution parameters.
Initials configuration.
Floating bodies configuration.
Properties configuration.
Predefined motion configuration.
[LoadsXMLConfig-End  time:0.000s]

[PreparePoints]
Computing Vtk-Cells data...  (time:0.027s)
BitSizeTot: 23 (2 + 9+6+6)
Points loaded: 429,661
Sorting points by Z...
Sorting points by Mk...
Computing Grid-points...  (time:0.018s)

List of Points:
Points -> Fixed-Boundary particles:
  block[  0] (mk:  4):  17450  -->   17450
Points -> Moving-Boundary particles:
  block[  1] (mk:  3):   2450  -->    2450
Points -> Fluid particles:
  block[  2] (mk:  1): 353925  -->  353925
  block[  3] (mk:  2):  55836  -->   55836

Particle summary:
  Fixed....: 17,450  id:(0-17449)   MKs:1 (4)
  Moving...: 2,450  id:(17450-19899)   MKs:1 (3)
  Floating.: 0
  Fluid....: 409,761  id:(19900-429660)   MKs:2 (1-2)

Total particles: 429,661 (bound=19900 (fx=17450 mv=2450 ft=0) fluid=409761)
Total MK blocks: 4 (bound=2 (fx=1 mv=1 ft=0) fluid=2)

Maximum depth: 0.6 (automatic)
Speed of system: 2.42611 (automatic)
Speed of sound: max(coefsound*speedsystem,10*sqrt(g*depth))
Speed of sound: 48.5222 max(48.5222,24.2611)
Speed of sound: 48.5222 (automatic)

Coefh:1.200000 (hdp:2.078461)

[PreparePoints-End  time:0.048s]

[SaveCase3D]
sand1_MkCells.vtk  (time:0.001s, shapes:32, points:128)
sand1.bi4<double>  (time:0.009s)
sand1.xml  (time:0.001s)

Save files time: 0.011s

Particle limits:
  X range: 0 to 5.98 [m]
  Y range: 0 to 0.98 [m]
  Z range: 0 to 0.98 [m]

[SaveCase3D-End  time:0.030s]


Time of execution: 0.166 sec. (12 threads)

Finished execution (code=0).

